# UWProfessorsCustom.csv is a file made by Rich Chen. This csv file includes UW CSE professors and
# the courses they've taught/are teaching/will be teaching from 2021-2023.

# Test there is no path exist between two nodes.

loaded graph prof

path from J.Lee to Kohno:
no path found