# UWProfessorsCustom.csv is a file made by Rich Chen. This csv file includes UW CSE professors and
# the courses they've taught/are teaching/will be teaching from 2021-2023.

# Test finding the path from a node to itself

loaded graph prof

path from Ru.Anderson to Ru.Anderson: