# UWProfessorsCustom.csv is a file made by Rich Chen. This csv file includes UW CSE professors and
# the courses they've taught/are teaching/will be teaching from 2021-2023.

# Test finding the path when parent doesn't exist in graph

loaded graph prof

unknown: Lydia