# Tests for a graph with one node and no edges.
# Test that a graph can be created, one node can be added, and the
# nodes and edges can be printed out.

# Create a graph
created graph graph1

# Add a node
added node n1 to graph1

# Print the nodes in the graph and the outgoing edges from n1
graph1 contains: n1
the children of n1 in graph1 are: