# Find a path with Dijkstra's algorithm when
# there the path is pointing to itself.

created graph simpleGraph

added node A to simpleGraph

added edge 0.000 from A to A in simpleGraph

path from A to A:
total cost: 0.000